// Jest Snapshot v1, https://goo.gl/fbAQLP

exports[`render correctly 1`] = `
<div
  id="todo-mvc"
>
  <div
    id="input-bar"
  >
    <div
      className="select-all-btn"
      onClick={[Function]}
    />
    <input
      className="input-box"
      onChange={[Function]}
      onKeyPress={[Function]}
      placeholder="What needs to be done?"
      type="text"
      value=""
    />
  </div>
  <ul
    id="todo-list"
  />
  <div
    id="toggle-bar"
  >
    <p
      className="left-items"
    >
      0
       items left
    </p>
    <div
      className="toggle-group"
    >
      <button
        className="all-items active"
        onClick={[Function]}
      >
        All
      </button>
      <button
        className="active-items"
        onClick={[Function]}
      >
        Active
      </button>
      <button
        className="completed-items"
        onClick={[Function]}
      >
        Completed
      </button>
    </div>
    <button
      className="clear-completed"
      onClick={[Function]}
    >
      Clear completed
    </button>
  </div>
</div>
`;
